
> intake45-attendance-client@0.0.0 type-check
> vue-tsc --build

src/components/forms/AccountFormModal.vue(119,49): error TS2339: Property 'enrolled_cohorts' does not exist on type 'EditableUser'.
src/components/forms/AccountFormModal.vue(120,40): error TS2339: Property 'enrolled_cohorts' does not exist on type 'EditableUser'.
src/components/forms/AccountFormModal.vue(121,60): error TS2339: Property 'administered_cohorts' does not exist on type 'EditableUser'.
src/components/forms/AccountFormModal.vue(122,40): error TS2339: Property 'administered_cohorts' does not exist on type 'EditableUser'.
src/components/forms/AccountFormModal.vue(127,17): error TS2322: Type 'string | undefined' is not assignable to type 'string'.
  Type 'undefined' is not assignable to type 'string'.
src/components/forms/AccountFormModal.vue(128,17): error TS2322: Type 'string | undefined' is not assignable to type 'string'.
  Type 'undefined' is not assignable to type 'string'.
src/components/forms/AccountFormModal.vue(130,17): error TS2322: Type 'string | undefined' is not assignable to type 'string'.
  Type 'undefined' is not assignable to type 'string'.
src/components/forms/AccountFormModal.vue(131,17): error TS2322: Type 'string | undefined' is not assignable to type 'string'.
  Type 'undefined' is not assignable to type 'string'.
src/components/forms/AccountFormModal.vue(134,17): error TS2322: Type 'string | number' is not assignable to type 'string'.
  Type 'number' is not assignable to type 'string'.
src/components/forms/AccountFormModal.vue(135,17): error TS2322: Type 'string | number' is not assignable to type 'string'.
  Type 'number' is not assignable to type 'string'.
src/components/forms/AccountFormModal.vue(176,49): error TS2345: Argument of type 'unknown' is not assignable to parameter of type 'string'.
src/components/forms/AccountFormModal.vue(189,45): error TS18047: 'props.editUser' is possibly 'null'.
src/components/shared/StudentProfile.vue(229,81): error TS18046: 'grade' is of type 'unknown'.
src/components/shared/StudentProfile.vue(230,78): error TS18046: 'grade' is of type 'unknown'.
src/components/shared/StudentProfile.vue(233,82): error TS18046: 'grade' is of type 'unknown'.
src/components/shared/StudentProfile.vue(233,106): error TS18046: 'grade' is of type 'unknown'.
src/components/shared/StudentProfile.vue(234,70): error TS18046: 'grade' is of type 'unknown'.
src/composables/useCohorts.ts(82,21): error TS2322: Type 'Record<string, string[]>' is not assignable to type 'Record<string, string>'.
  'string' index signatures are incompatible.
    Type 'string[]' is not assignable to type 'string'.
src/pages/auth/LoginPage.vue(83,17): error TS18046: 'error' is of type 'unknown'.
src/pages/branch-manager/BillingPage.vue(469,20): error TS18047: '__VLS_ctx.selectedInstructor' is possibly 'null'.
src/pages/branch-manager/BillingPage.vue(469,67): error TS18047: '__VLS_ctx.selectedInstructor' is possibly 'null'.
src/pages/branch-manager/BillingPage.vue(470,38): error TS18047: '__VLS_ctx.selectedInstructor' is possibly 'null'.
src/pages/branch-manager/DashboardPage.vue(107,29): error TS2532: Object is possibly 'undefined'.
src/pages/branch-manager/DashboardPage.vue(108,17): error TS2532: Object is possibly 'undefined'.
src/pages/branch-manager/DashboardPage.vue(245,19): error TS18046: 'student' is of type 'unknown'.
src/pages/branch-manager/DashboardPage.vue(251,63): error TS18046: 'student' is of type 'unknown'.
src/pages/branch-manager/DashboardPage.vue(254,63): error TS18046: 'student' is of type 'unknown'.
src/pages/branch-manager/DashboardPage.vue(254,119): error TS18046: 'student' is of type 'unknown'.
src/pages/branch-manager/DashboardPage.vue(255,29): error TS18046: 'student' is of type 'unknown'.
src/pages/branch-manager/DashboardPage.vue(255,93): error TS18046: 'student' is of type 'unknown'.
src/pages/branch-manager/DashboardPage.vue(259,54): error TS18046: 'student' is of type 'unknown'.
src/pages/branch-manager/DashboardPage.vue(259,74): error TS18046: 'student' is of type 'unknown'.
src/pages/branch-manager/DashboardPage.vue(290,21): error TS18046: 'student' is of type 'unknown'.
src/pages/branch-manager/DashboardPage.vue(293,77): error TS18046: 'student' is of type 'unknown'.
src/pages/branch-manager/DashboardPage.vue(294,77): error TS18046: 'student' is of type 'unknown'.
src/pages/branch-manager/DashboardPage.vue(297,58): error TS18046: 'student' is of type 'unknown'.
src/pages/branch-manager/DashboardPage.vue(297,70): error TS18046: 'student' is of type 'unknown'.
src/pages/instructor/AttendancePage.vue(71,23): error TS18048: 'a.session_date' is possibly 'undefined'.
src/pages/instructor/AttendancePage.vue(72,23): error TS18048: 'b.session_date' is possibly 'undefined'.
src/pages/instructor/AttendancePage.vue(73,37): error TS18048: 'dateA' is possibly 'undefined'.
src/pages/instructor/AttendancePage.vue(73,57): error TS2769: No overload matches this call.
  Overload 1 of 3, '(that: string, locales?: LocalesArgument, options?: CollatorOptions | undefined): number', gave the following error.
    Argument of type 'string | undefined' is not assignable to parameter of type 'string'.
      Type 'undefined' is not assignable to type 'string'.
  Overload 2 of 3, '(that: string, locales?: string | string[] | undefined, options?: CollatorOptions | undefined): number', gave the following error.
    Argument of type 'string | undefined' is not assignable to parameter of type 'string'.
      Type 'undefined' is not assignable to type 'string'.
  Overload 3 of 3, '(that: string): number', gave the following error.
    Argument of type 'string | undefined' is not assignable to parameter of type 'string'.
      Type 'undefined' is not assignable to type 'string'.
src/pages/instructor/AttendancePage.vue(74,16): error TS18048: 'a.start_time' is possibly 'undefined'.
src/pages/instructor/AttendancePage.vue(74,43): error TS2769: No overload matches this call.
  Overload 1 of 3, '(that: string, locales?: LocalesArgument, options?: CollatorOptions | undefined): number', gave the following error.
    Argument of type 'string | undefined' is not assignable to parameter of type 'string'.
      Type 'undefined' is not assignable to type 'string'.
  Overload 2 of 3, '(that: string, locales?: string | string[] | undefined, options?: CollatorOptions | undefined): number', gave the following error.
    Argument of type 'string | undefined' is not assignable to parameter of type 'string'.
      Type 'undefined' is not assignable to type 'string'.
  Overload 3 of 3, '(that: string): number', gave the following error.
    Argument of type 'string | undefined' is not assignable to parameter of type 'string'.
      Type 'undefined' is not assignable to type 'string'.
src/pages/instructor/AttendancePage.vue(79,26): error TS18048: 'sess.session_date' is possibly 'undefined'.
src/pages/instructor/AttendancePage.vue(86,43): error TS2339: Property 'id' does not exist on type 'MappedSession'.
src/pages/instructor/AttendancePage.vue(234,20): error TS2571: Object is of type 'unknown'.
src/pages/instructor/AttendancePage.vue(238,66): error TS2571: Object is of type 'unknown'.
src/pages/instructor/AttendancePage.vue(244,89): error TS2571: Object is of type 'unknown'.
src/pages/instructor/AttendancePage.vue(245,76): error TS2571: Object is of type 'unknown'.
src/pages/instructor/AttendancePage.vue(245,127): error TS2571: Object is of type 'unknown'.
src/pages/instructor/AttendancePage.vue(281,56): error TS18046: 'sess' is of type 'unknown'.
src/pages/instructor/AttendancePage.vue(283,43): error TS18046: 'sess' is of type 'unknown'.
src/pages/instructor/AttendancePage.vue(286,35): error TS18046: 'sess' is of type 'unknown'.
src/pages/instructor/AttendancePage.vue(286,71): error TS18046: 'sess' is of type 'unknown'.
src/pages/instructor/AttendancePage.vue(290,26): error TS18046: 'sess' is of type 'unknown'.
src/pages/instructor/AttendancePage.vue(294,24): error TS18046: 'sess' is of type 'unknown'.
src/pages/instructor/DashboardPage.vue(54,21): error TS18046: 'student' is of type 'unknown'.
src/pages/instructor/DashboardPage.vue(57,77): error TS18046: 'student' is of type 'unknown'.
src/pages/instructor/DashboardPage.vue(58,77): error TS18046: 'student' is of type 'unknown'.
src/pages/instructor/DashboardPage.vue(61,58): error TS18046: 'student' is of type 'unknown'.
src/pages/instructor/DashboardPage.vue(61,70): error TS18046: 'student' is of type 'unknown'.
src/pages/student/AssignmentsPage.vue(280,1): error TS2578: Unused '@ts-expect-error' directive.
src/pages/student/AssignmentsPage.vue(350,35): error TS2345: Argument of type '{ id: number | undefined; course: string; title: string; dueDate: string; wasDue: string; rawDueDate: Date | null; maxPoints: number; daysLate: number; status: string | undefined; grade: number | ... 1 more ... | undefined; feedback: string | ... 1 more ... | undefined; submittedFile: string; }' is not assignable to parameter of type '{ id: number; course: string; title: string; dueDate: string; wasDue: string; rawDueDate: Date | null; maxPoints: number; daysLate: number; status: string; grade: number | null; feedback: string | null; submittedFile: string; }'.
  Types of property 'id' are incompatible.
    Type 'number | undefined' is not assignable to type 'number'.
      Type 'undefined' is not assignable to type 'number'.
src/pages/student/AssignmentsPage.vue(352,33): error TS2345: Argument of type '{ id: number | undefined; course: string; title: string; dueDate: string; wasDue: string; rawDueDate: Date | null; maxPoints: number; daysLate: number; status: string | undefined; grade: number | ... 1 more ... | undefined; feedback: string | ... 1 more ... | undefined; submittedFile: string; }' is not assignable to parameter of type '{ id: number; course: string; title: string; dueDate: string; wasDue: string; rawDueDate: Date | null; maxPoints: number; daysLate: number; status: string; grade: number | null; feedback: string | null; submittedFile: string; }'.
  Types of property 'id' are incompatible.
    Type 'number | undefined' is not assignable to type 'number'.
      Type 'undefined' is not assignable to type 'number'.
src/pages/student/AssignmentsPage.vue(354,32): error TS2345: Argument of type '{ id: number | undefined; course: string; title: string; dueDate: string; wasDue: string; rawDueDate: Date | null; maxPoints: number; daysLate: number; status: string | undefined; grade: number | ... 1 more ... | undefined; feedback: string | ... 1 more ... | undefined; submittedFile: string; }' is not assignable to parameter of type '{ id: number; course: string; title: string; dueDate: string; wasDue: string; rawDueDate: Date | null; maxPoints: number; daysLate: number; status: string; grade: number | null; feedback: string | null; submittedFile: string; }'.
  Types of property 'id' are incompatible.
    Type 'number | undefined' is not assignable to type 'number'.
      Type 'undefined' is not assignable to type 'number'.
src/pages/student/AssignmentsPage.vue(383,9): error TS18048: 'task' is possibly 'undefined'.
src/pages/student/AssignmentsPage.vue(385,9): error TS18048: 'task' is possibly 'undefined'.
src/pages/student/AssignmentsPage.vue(386,35): error TS2345: Argument of type 'MappedTask | undefined' is not assignable to parameter of type '{ id: number; course: string; title: string; dueDate: string; wasDue: string; rawDueDate: Date | null; maxPoints: number; daysLate: number; status: string; grade: number | null; feedback: string | null; submittedFile: string; }'.
  Type 'undefined' is not assignable to type '{ id: number; course: string; title: string; dueDate: string; wasDue: string; rawDueDate: Date | null; maxPoints: number; daysLate: number; status: string; grade: number | null; feedback: string | null; submittedFile: string; }'.
src/pages/student/ExcusesPage.vue(88,12): error TS2322: Type 'unknown[]' is not assignable to type 'AbsentSession[]'.
  Type 'unknown' is not assignable to type 'AbsentSession'.
src/pages/track-admin/AtRiskPage.vue(72,15): error TS18046: 'student' is of type 'unknown'.
src/pages/track-admin/AtRiskPage.vue(80,61): error TS18046: 'student' is of type 'unknown'.
src/pages/track-admin/AtRiskPage.vue(81,50): error TS18046: 'student' is of type 'unknown'.
src/pages/track-admin/AtRiskPage.vue(92,85): error TS18046: 'student' is of type 'unknown'.
src/pages/track-admin/AtRiskPage.vue(97,79): error TS18046: 'student' is of type 'unknown'.
src/pages/track-admin/AtRiskPage.vue(97,102): error TS18046: 'student' is of type 'unknown'.
src/pages/track-admin/AtRiskPage.vue(103,52): error TS18046: 'student' is of type 'unknown'.
src/pages/track-admin/AtRiskPage.vue(103,72): error TS18046: 'student' is of type 'unknown'.
src/pages/track-admin/EngagementFormPage.vue(159,63): error TS18046: 'instructor' is of type 'unknown'.
src/pages/track-admin/EngagementFormPage.vue(159,86): error TS18046: 'instructor' is of type 'unknown'.
src/pages/track-admin/EngagementFormPage.vue(160,20): error TS18046: 'instructor' is of type 'unknown'.
src/pages/track-admin/RosterView.vue(347,9): error TS18046: 's' is of type 'unknown'.
src/pages/track-admin/RosterView.vue(347,34): error TS18046: 's' is of type 'unknown'.
src/pages/track-admin/RosterView.vue(348,7): error TS18046: 's' is of type 'unknown'.
src/pages/track-admin/RosterView.vue(358,61): error TS2339: Property 'students' does not exist on type '{}'.
src/pages/track-admin/RosterView.vue(362,129): error TS18046: 'student' is of type 'unknown'.
src/pages/track-admin/RosterView.vue(374,10): error TS18046: 'student' is of type 'unknown'.
src/pages/track-admin/RosterView.vue(382,9): error TS18046: 'student' is of type 'unknown'.
src/pages/track-admin/RosterView.vue(382,40): error TS18046: 'student' is of type 'unknown'.
src/pages/track-admin/RosterView.vue(383,18): error TS18046: 'student' is of type 'unknown'.
src/pages/track-admin/RosterView.vue(387,11): error TS18046: 'student' is of type 'unknown'.
src/pages/track-admin/RosterView.vue(388,13): error TS18046: 'student' is of type 'unknown'.
src/pages/track-admin/RosterView.vue(389,14): error TS18046: 'student' is of type 'unknown'.
src/pages/track-admin/RosterView.vue(393,13): error TS18046: 'student' is of type 'unknown'.
